// Jest Snapshot v1, https://goo.gl/fbAQLP

exports[`TreeImage should match the last snapshot 1`] = `
<div>
  <img
    alt="light tree"
    class="-mt-3 inline dark:hidden"
    data-nimg="1"
    decoding="async"
    height="40"
    src="/_next/image?url=%2Fimg.jpg&w=96&q=75"
    srcset="/_next/image?url=%2Fimg.jpg&w=48&q=75 1x, /_next/image?url=%2Fimg.jpg&w=96&q=75 2x"
    style="color: transparent;"
    width="40"
  />
  <img
    alt="dark tree"
    class="-mt-3 hidden dark:inline-block"
    data-nimg="1"
    decoding="async"
    height="40"
    src="/_next/image?url=%2Fimg.jpg&w=96&q=75"
    srcset="/_next/image?url=%2Fimg.jpg&w=48&q=75 1x, /_next/image?url=%2Fimg.jpg&w=96&q=75 2x"
    style="color: transparent;"
    width="40"
  />
</div>
`;
