// Jest Snapshot v1, https://goo.gl/fbAQLP

exports[`Home should match the last snapshot 1`] = `
<div>
  <section
    class="container min-h-96 max-w-3xl"
  >
    <h1
      class="leading-tight"
    >
      I'm a software developer, game designer, and writer in Seattle.
      <img
        alt="tree"
        class="-mt-3 inline"
        data-nimg="1"
        decoding="async"
        fetchpriority="high"
        height="45"
        src="/_next/image?url=%2Fstatic%2Fimages%2Ftree-contrast.webp&w=96&q=75"
        srcset="/_next/image?url=%2Fstatic%2Fimages%2Ftree-contrast.webp&w=48&q=75 1x, /_next/image?url=%2Fstatic%2Fimages%2Ftree-contrast.webp&w=96&q=75 2x"
        style="color: transparent;"
        width="45"
      />
    </h1>
    <p>
      See what I'm up to 
      <a
        href="/now"
      >
        now
      </a>
      .
    </p>
    <p>
      Send me a 
      <a
        href="/contact"
      >
        message
      </a>
      .
    </p>
  </section>
</div>
`;
